// Jest Snapshot v1, https://goo.gl/fbAQLP

exports[`Storyshots Demo story Default 1`] = `
<div>
  Hello
</div>
`;
